[6884:7140:0515/090028.350:WARNING:chrome_main_delegate.cc(745)] This is Chrome version 128.0.6613.138 (not a warning)
[6884:7140:0515/090028.360:ERROR:persistent_memory_allocator.cc(908)] Corruption detected in shared-memory segment.
[6884:2652:0515/090028.419:ERROR:google_update_settings.cc(265)] Failed opening key Software\Chromium to set usagestats; result: 5
[6884:7140:0515/090028.473:WARNING:account_consistency_mode_manager.cc(77)] Desktop Identity Consistency cannot be enabled as no OAuth client ID and client secret have been configured.
[2788:2672:0515/090036.954:WARNING:frame_impl.cc(430)] virtual CefFrameImpl::SendProcessMessage sent to detached frame 5-51623483B61AFBBFE2CBDFA0D47A58D7 will be ignored
[7296:4544:0515/090037.253:WARNING:spdy_session.cc(2985)] Received HEADERS for invalid stream 17
[7296:4544:0515/090038.678:WARNING:spdy_session.cc(2985)] Received HEADERS for invalid stream 29
[6884:7140:0515/090316.625:ERROR:device_event_log_impl.cc(196)] [09:03:16.509] USB: usb_service_win.cc:105 SetupDiGetDeviceProperty({{A45C254E-DF1C-4EFD-8020-67D146A850E0}, 6}) failed: Elemento não encontrado. (0x490)
[6884:7140:0515/090810.780:WARNING:page_discarding_helper.cc(138)] Discarding multiple pages with target (kb): 0
[6884:7140:0515/090906.338:WARNING:page_discarding_helper.cc(138)] Discarding multiple pages with target (kb): 0
[6884:7140:0515/090911.379:WARNING:page_discarding_helper.cc(138)] Discarding multiple pages with target (kb): 0
[6884:7140:0515/090916.421:WARNING:page_discarding_helper.cc(138)] Discarding multiple pages with target (kb): 0
[6884:7140:0515/090931.620:WARNING:page_discarding_helper.cc(138)] Discarding multiple pages with target (kb): 0
[6884:7140:0515/090936.910:WARNING:page_discarding_helper.cc(138)] Discarding multiple pages with target (kb): 0
[6884:7140:0515/090941.937:WARNING:page_discarding_helper.cc(138)] Discarding multiple pages with target (kb): 0
[6884:7180:0515/092138.742:ERROR:cast_crl.cc(443)] CRL - Verification failed.
[6884:7140:0515/094132.543:ERROR:device_event_log_impl.cc(196)] [09:41:32.511] USB: usb_service_win.cc:105 SetupDiGetDeviceProperty({{A45C254E-DF1C-4EFD-8020-67D146A850E0}, 6}) failed: Elemento não encontrado. (0x490)
[6884:7140:0515/095438.671:ERROR:device_event_log_impl.cc(196)] [09:54:38.640] USB: usb_service_win.cc:105 SetupDiGetDeviceProperty({{A45C254E-DF1C-4EFD-8020-67D146A850E0}, 6}) failed: Elemento não encontrado. (0x490)
[6884:7140:0515/100222.235:WARNING:page_discarding_helper.cc(138)] Discarding multiple pages with target (kb): 0
[6884:7140:0515/100227.244:WARNING:page_discarding_helper.cc(138)] Discarding multiple pages with target (kb): 0
[6884:7140:0515/100242.455:WARNING:page_discarding_helper.cc(138)] Discarding multiple pages with target (kb): 0
[6884:7140:0515/100402.732:ERROR:device_event_log_impl.cc(196)] [10:04:02.726] USB: usb_service_win.cc:105 SetupDiGetDeviceProperty({{A45C254E-DF1C-4EFD-8020-67D146A850E0}, 6}) failed: Elemento não encontrado. (0x490)
[6884:7140:0515/101136.264:WARNING:page_discarding_helper.cc(138)] Discarding multiple pages with target (kb): 0
[6884:7140:0515/101141.325:WARNING:page_discarding_helper.cc(138)] Discarding multiple pages with target (kb): 0
[6884:7140:0515/101146.389:WARNING:page_discarding_helper.cc(138)] Discarding multiple pages with target (kb): 0
[6884:7140:0515/101151.407:WARNING:page_discarding_helper.cc(138)] Discarding multiple pages with target (kb): 0
[6884:7140:0515/101156.420:WARNING:page_discarding_helper.cc(138)] Discarding multiple pages with target (kb): 0
[6884:7140:0515/101201.452:WARNING:page_discarding_helper.cc(138)] Discarding multiple pages with target (kb): 0
[6884:7140:0515/101206.476:WARNING:page_discarding_helper.cc(138)] Discarding multiple pages with target (kb): 0
[6884:7140:0515/101211.477:WARNING:page_discarding_helper.cc(138)] Discarding multiple pages with target (kb): 0
[6884:7140:0515/101216.505:WARNING:page_discarding_helper.cc(138)] Discarding multiple pages with target (kb): 0
[6884:7140:0515/101221.535:WARNING:page_discarding_helper.cc(138)] Discarding multiple pages with target (kb): 0
[6884:7140:0515/101226.549:WARNING:page_discarding_helper.cc(138)] Discarding multiple pages with target (kb): 0
[6884:7140:0515/101231.565:WARNING:page_discarding_helper.cc(138)] Discarding multiple pages with target (kb): 0
[6884:7140:0515/101236.579:WARNING:page_discarding_helper.cc(138)] Discarding multiple pages with target (kb): 0
[6884:7140:0515/101241.591:WARNING:page_discarding_helper.cc(138)] Discarding multiple pages with target (kb): 0
[6884:7140:0515/101246.596:WARNING:page_discarding_helper.cc(138)] Discarding multiple pages with target (kb): 0
[6884:7140:0515/101251.647:WARNING:page_discarding_helper.cc(138)] Discarding multiple pages with target (kb): 0
[6884:7140:0515/101256.665:WARNING:page_discarding_helper.cc(138)] Discarding multiple pages with target (kb): 0
[6884:7140:0515/101301.738:WARNING:page_discarding_helper.cc(138)] Discarding multiple pages with target (kb): 0
[6884:7140:0515/101306.813:WARNING:page_discarding_helper.cc(138)] Discarding multiple pages with target (kb): 0
[6884:7140:0515/101321.838:WARNING:page_discarding_helper.cc(138)] Discarding multiple pages with target (kb): 0
[6884:7140:0515/101326.862:WARNING:page_discarding_helper.cc(138)] Discarding multiple pages with target (kb): 0
[6884:7140:0515/101331.957:WARNING:page_discarding_helper.cc(138)] Discarding multiple pages with target (kb): 0
[6884:7140:0515/101336.989:WARNING:page_discarding_helper.cc(138)] Discarding multiple pages with target (kb): 0
[6884:7140:0515/101342.070:WARNING:page_discarding_helper.cc(138)] Discarding multiple pages with target (kb): 0
[6884:7140:0515/101347.162:WARNING:page_discarding_helper.cc(138)] Discarding multiple pages with target (kb): 0
[6884:7140:0515/101352.165:WARNING:page_discarding_helper.cc(138)] Discarding multiple pages with target (kb): 0
[6884:7140:0515/101357.165:WARNING:page_discarding_helper.cc(138)] Discarding multiple pages with target (kb): 0
[6884:7140:0515/101402.197:WARNING:page_discarding_helper.cc(138)] Discarding multiple pages with target (kb): 0
[6884:7140:0515/101407.211:WARNING:page_discarding_helper.cc(138)] Discarding multiple pages with target (kb): 0
[6884:7140:0515/101412.266:WARNING:page_discarding_helper.cc(138)] Discarding multiple pages with target (kb): 0
[6884:7140:0515/101417.335:WARNING:page_discarding_helper.cc(138)] Discarding multiple pages with target (kb): 0
[6884:7140:0515/101422.419:WARNING:page_discarding_helper.cc(138)] Discarding multiple pages with target (kb): 0
[6884:7140:0515/101427.500:WARNING:page_discarding_helper.cc(138)] Discarding multiple pages with target (kb): 0
[7296:4544:0515/101430.535:WARNING:spdy_session.cc(2985)] Received HEADERS for invalid stream 3
[6884:7140:0515/101432.500:WARNING:page_discarding_helper.cc(138)] Discarding multiple pages with target (kb): 0
[6884:7140:0515/101437.528:WARNING:page_discarding_helper.cc(138)] Discarding multiple pages with target (kb): 0
[6884:7140:0515/101442.528:WARNING:page_discarding_helper.cc(138)] Discarding multiple pages with target (kb): 0
[6884:7140:0515/101447.542:WARNING:page_discarding_helper.cc(138)] Discarding multiple pages with target (kb): 0
[6884:7140:0515/101452.545:WARNING:page_discarding_helper.cc(138)] Discarding multiple pages with target (kb): 0
[6884:7140:0515/101457.544:WARNING:page_discarding_helper.cc(138)] Discarding multiple pages with target (kb): 0
[6884:7140:0515/101502.618:WARNING:page_discarding_helper.cc(138)] Discarding multiple pages with target (kb): 0
[6884:7140:0515/101507.644:WARNING:page_discarding_helper.cc(138)] Discarding multiple pages with target (kb): 0
[6884:7140:0515/101512.721:WARNING:page_discarding_helper.cc(138)] Discarding multiple pages with target (kb): 0
[6884:7140:0515/101517.722:WARNING:page_discarding_helper.cc(138)] Discarding multiple pages with target (kb): 0
[6884:7140:0515/101522.802:WARNING:page_discarding_helper.cc(138)] Discarding multiple pages with target (kb): 0
[6884:7140:0515/101527.849:WARNING:page_discarding_helper.cc(138)] Discarding multiple pages with target (kb): 0
[6884:7140:0515/101543.036:WARNING:page_discarding_helper.cc(138)] Discarding multiple pages with target (kb): 0
[6884:7140:0515/101548.089:WARNING:page_discarding_helper.cc(138)] Discarding multiple pages with target (kb): 0
[6884:7140:0515/101553.151:WARNING:page_discarding_helper.cc(138)] Discarding multiple pages with target (kb): 0
[6884:7140:0515/101558.175:WARNING:page_discarding_helper.cc(138)] Discarding multiple pages with target (kb): 0
[6884:7140:0515/101603.175:WARNING:page_discarding_helper.cc(138)] Discarding multiple pages with target (kb): 0
[6884:7140:0515/101608.175:WARNING:page_discarding_helper.cc(138)] Discarding multiple pages with target (kb): 0
[6884:7140:0515/101613.197:WARNING:page_discarding_helper.cc(138)] Discarding multiple pages with target (kb): 0
[6884:7140:0515/101618.279:WARNING:page_discarding_helper.cc(138)] Discarding multiple pages with target (kb): 0
[6884:7140:0515/101623.318:WARNING:page_discarding_helper.cc(138)] Discarding multiple pages with target (kb): 0
[6884:7140:0515/101628.406:WARNING:page_discarding_helper.cc(138)] Discarding multiple pages with target (kb): 0
[6884:7140:0515/101633.430:WARNING:page_discarding_helper.cc(138)] Discarding multiple pages with target (kb): 0
[6884:7140:0515/101638.501:WARNING:page_discarding_helper.cc(138)] Discarding multiple pages with target (kb): 0
[6884:7140:0515/101643.577:WARNING:page_discarding_helper.cc(138)] Discarding multiple pages with target (kb): 0
[6884:7140:0515/101648.578:WARNING:page_discarding_helper.cc(138)] Discarding multiple pages with target (kb): 0
[6884:7140:0515/101653.587:WARNING:page_discarding_helper.cc(138)] Discarding multiple pages with target (kb): 0
[6884:7140:0515/101658.645:WARNING:page_discarding_helper.cc(138)] Discarding multiple pages with target (kb): 0
[6884:7140:0515/101703.644:WARNING:page_discarding_helper.cc(138)] Discarding multiple pages with target (kb): 0
[6884:7140:0515/101708.644:WARNING:page_discarding_helper.cc(138)] Discarding multiple pages with target (kb): 0
[6884:7140:0515/101713.698:WARNING:page_discarding_helper.cc(138)] Discarding multiple pages with target (kb): 0
[6884:7140:0515/101718.702:WARNING:page_discarding_helper.cc(138)] Discarding multiple pages with target (kb): 0
[6884:7140:0515/101744.044:WARNING:page_discarding_helper.cc(138)] Discarding multiple pages with target (kb): 0
[6884:7140:0515/101749.129:WARNING:page_discarding_helper.cc(138)] Discarding multiple pages with target (kb): 0
[6884:7140:0515/101814.378:WARNING:page_discarding_helper.cc(138)] Discarding multiple pages with target (kb): 0
[6884:7140:0515/101819.413:WARNING:page_discarding_helper.cc(138)] Discarding multiple pages with target (kb): 0
[6884:7140:0515/101824.443:WARNING:page_discarding_helper.cc(138)] Discarding multiple pages with target (kb): 0
[6884:7140:0515/101829.485:WARNING:page_discarding_helper.cc(138)] Discarding multiple pages with target (kb): 0
[6884:7140:0515/101834.489:WARNING:page_discarding_helper.cc(138)] Discarding multiple pages with target (kb): 0
[6884:7140:0515/101839.500:WARNING:page_discarding_helper.cc(138)] Discarding multiple pages with target (kb): 0
[6884:7140:0515/101844.518:WARNING:page_discarding_helper.cc(138)] Discarding multiple pages with target (kb): 0
[6884:7140:0515/101849.550:WARNING:page_discarding_helper.cc(138)] Discarding multiple pages with target (kb): 0
[6884:7140:0515/101854.565:WARNING:page_discarding_helper.cc(138)] Discarding multiple pages with target (kb): 0
[6884:7140:0515/101915.378:WARNING:page_discarding_helper.cc(138)] Discarding multiple pages with target (kb): 0
[6884:7140:0515/101920.414:WARNING:page_discarding_helper.cc(138)] Discarding multiple pages with target (kb): 0
[6884:7140:0515/101925.489:WARNING:page_discarding_helper.cc(138)] Discarding multiple pages with target (kb): 0
[6884:7140:0515/101930.523:WARNING:page_discarding_helper.cc(138)] Discarding multiple pages with target (kb): 0
[6884:7140:0515/101935.554:WARNING:page_discarding_helper.cc(138)] Discarding multiple pages with target (kb): 0
[6884:7140:0515/101940.572:WARNING:page_discarding_helper.cc(138)] Discarding multiple pages with target (kb): 0
[6884:7140:0515/101945.607:WARNING:page_discarding_helper.cc(138)] Discarding multiple pages with target (kb): 0
[6884:7140:0515/101950.620:WARNING:page_discarding_helper.cc(138)] Discarding multiple pages with target (kb): 0
[6884:7140:0515/101955.632:WARNING:page_discarding_helper.cc(138)] Discarding multiple pages with target (kb): 0
[6884:7140:0515/102000.635:WARNING:page_discarding_helper.cc(138)] Discarding multiple pages with target (kb): 0
[6884:7140:0515/102005.638:WARNING:page_discarding_helper.cc(138)] Discarding multiple pages with target (kb): 0
[6884:7140:0515/102010.645:WARNING:page_discarding_helper.cc(138)] Discarding multiple pages with target (kb): 0
[6884:7140:0515/102015.645:WARNING:page_discarding_helper.cc(138)] Discarding multiple pages with target (kb): 0
[6884:7140:0515/102020.660:WARNING:page_discarding_helper.cc(138)] Discarding multiple pages with target (kb): 0
[6884:7140:0515/102025.661:WARNING:page_discarding_helper.cc(138)] Discarding multiple pages with target (kb): 0
[6884:7140:0515/102030.723:WARNING:page_discarding_helper.cc(138)] Discarding multiple pages with target (kb): 0
[6884:7140:0515/102035.731:WARNING:page_discarding_helper.cc(138)] Discarding multiple pages with target (kb): 0
[6884:7140:0515/102040.732:WARNING:page_discarding_helper.cc(138)] Discarding multiple pages with target (kb): 0
[6884:7140:0515/102045.749:WARNING:page_discarding_helper.cc(138)] Discarding multiple pages with target (kb): 0
[6884:7140:0515/102050.767:WARNING:page_discarding_helper.cc(138)] Discarding multiple pages with target (kb): 0
[6884:7140:0515/102055.832:WARNING:page_discarding_helper.cc(138)] Discarding multiple pages with target (kb): 0
[6884:7140:0515/102100.915:WARNING:page_discarding_helper.cc(138)] Discarding multiple pages with target (kb): 0
[6884:7140:0515/102121.092:WARNING:page_discarding_helper.cc(138)] Discarding multiple pages with target (kb): 0
[6884:7140:0515/102126.149:WARNING:page_discarding_helper.cc(138)] Discarding multiple pages with target (kb): 0
[6884:7140:0515/102131.217:WARNING:page_discarding_helper.cc(138)] Discarding multiple pages with target (kb): 0
[6884:7140:0515/102141.299:WARNING:page_discarding_helper.cc(138)] Discarding multiple pages with target (kb): 0
[6884:7140:0515/102146.379:WARNING:page_discarding_helper.cc(138)] Discarding multiple pages with target (kb): 0
[6884:7140:0515/102151.379:WARNING:page_discarding_helper.cc(138)] Discarding multiple pages with target (kb): 0
[6884:7140:0515/102156.415:WARNING:page_discarding_helper.cc(138)] Discarding multiple pages with target (kb): 0
[6884:7140:0515/102201.487:WARNING:page_discarding_helper.cc(138)] Discarding multiple pages with target (kb): 0
[6884:7140:0515/102206.567:WARNING:page_discarding_helper.cc(138)] Discarding multiple pages with target (kb): 0
[6884:7140:0515/102211.572:WARNING:page_discarding_helper.cc(138)] Discarding multiple pages with target (kb): 0
[6884:7140:0515/102216.624:WARNING:page_discarding_helper.cc(138)] Discarding multiple pages with target (kb): 0
[6884:7140:0515/102221.625:WARNING:page_discarding_helper.cc(138)] Discarding multiple pages with target (kb): 0
[6884:7140:0515/102226.634:WARNING:page_discarding_helper.cc(138)] Discarding multiple pages with target (kb): 0
[6884:7140:0515/102231.727:WARNING:page_discarding_helper.cc(138)] Discarding multiple pages with target (kb): 0
[6884:7140:0515/102236.732:WARNING:page_discarding_helper.cc(138)] Discarding multiple pages with target (kb): 0
[6884:7140:0515/102241.734:WARNING:page_discarding_helper.cc(138)] Discarding multiple pages with target (kb): 0
[6884:7140:0515/102251.742:WARNING:page_discarding_helper.cc(138)] Discarding multiple pages with target (kb): 0
[6884:7140:0515/102316.914:WARNING:page_discarding_helper.cc(138)] Discarding multiple pages with target (kb): 0
[6884:7140:0515/102321.978:WARNING:page_discarding_helper.cc(138)] Discarding multiple pages with target (kb): 0
[6884:7140:0515/102327.072:WARNING:page_discarding_helper.cc(138)] Discarding multiple pages with target (kb): 0
[6884:7140:0515/102332.153:WARNING:page_discarding_helper.cc(138)] Discarding multiple pages with target (kb): 0
[6884:7140:0515/102337.153:WARNING:page_discarding_helper.cc(138)] Discarding multiple pages with target (kb): 0
[6884:7140:0515/102342.191:WARNING:page_discarding_helper.cc(138)] Discarding multiple pages with target (kb): 0
[6884:7140:0515/102347.192:WARNING:page_discarding_helper.cc(138)] Discarding multiple pages with target (kb): 0
[6884:7140:0515/102352.197:WARNING:page_discarding_helper.cc(138)] Discarding multiple pages with target (kb): 0
[6884:7140:0515/102357.294:WARNING:page_discarding_helper.cc(138)] Discarding multiple pages with target (kb): 0
[6884:7140:0515/102402.310:WARNING:page_discarding_helper.cc(138)] Discarding multiple pages with target (kb): 0
[6884:7140:0515/102407.328:WARNING:page_discarding_helper.cc(138)] Discarding multiple pages with target (kb): 0
[6884:7140:0515/102412.400:WARNING:page_discarding_helper.cc(138)] Discarding multiple pages with target (kb): 0
[6884:7140:0515/102417.420:WARNING:page_discarding_helper.cc(138)] Discarding multiple pages with target (kb): 0
[6884:7140:0515/102422.429:WARNING:page_discarding_helper.cc(138)] Discarding multiple pages with target (kb): 0
[6884:7140:0515/102427.429:WARNING:page_discarding_helper.cc(138)] Discarding multiple pages with target (kb): 0
[6884:7140:0515/102432.460:WARNING:page_discarding_helper.cc(138)] Discarding multiple pages with target (kb): 0
[6884:7140:0515/102442.507:WARNING:page_discarding_helper.cc(138)] Discarding multiple pages with target (kb): 0
[6884:7140:0515/102447.512:WARNING:page_discarding_helper.cc(138)] Discarding multiple pages with target (kb): 0
[6884:7140:0515/102452.547:WARNING:page_discarding_helper.cc(138)] Discarding multiple pages with target (kb): 0
[6884:7140:0515/102457.627:WARNING:page_discarding_helper.cc(138)] Discarding multiple pages with target (kb): 0
[6884:7140:0515/102502.707:WARNING:page_discarding_helper.cc(138)] Discarding multiple pages with target (kb): 0
[6884:7140:0515/102507.744:WARNING:page_discarding_helper.cc(138)] Discarding multiple pages with target (kb): 0
[6884:7140:0515/102512.798:WARNING:page_discarding_helper.cc(138)] Discarding multiple pages with target (kb): 0
[6884:7140:0515/102517.879:WARNING:page_discarding_helper.cc(138)] Discarding multiple pages with target (kb): 0
[6884:7140:0515/102522.945:WARNING:page_discarding_helper.cc(138)] Discarding multiple pages with target (kb): 0
[6884:7140:0515/102528.005:WARNING:page_discarding_helper.cc(138)] Discarding multiple pages with target (kb): 0
[6884:7140:0515/102533.073:WARNING:page_discarding_helper.cc(138)] Discarding multiple pages with target (kb): 0
[6884:7140:0515/102538.102:WARNING:page_discarding_helper.cc(138)] Discarding multiple pages with target (kb): 0
[6884:7140:0515/102543.101:WARNING:page_discarding_helper.cc(138)] Discarding multiple pages with target (kb): 0
[6884:7140:0515/102548.194:WARNING:page_discarding_helper.cc(138)] Discarding multiple pages with target (kb): 0
[6884:7140:0515/102553.241:WARNING:page_discarding_helper.cc(138)] Discarding multiple pages with target (kb): 0
[6884:7140:0515/102558.241:WARNING:page_discarding_helper.cc(138)] Discarding multiple pages with target (kb): 0
[6884:7140:0515/102603.322:WARNING:page_discarding_helper.cc(138)] Discarding multiple pages with target (kb): 0
[6884:7140:0515/102608.337:WARNING:page_discarding_helper.cc(138)] Discarding multiple pages with target (kb): 0
[6884:7140:0515/102613.387:WARNING:page_discarding_helper.cc(138)] Discarding multiple pages with target (kb): 0
[6884:7140:0515/102633.443:WARNING:page_discarding_helper.cc(138)] Discarding multiple pages with target (kb): 0
[6884:7140:0515/102638.460:WARNING:page_discarding_helper.cc(138)] Discarding multiple pages with target (kb): 0
[6884:7140:0515/102643.514:WARNING:page_discarding_helper.cc(138)] Discarding multiple pages with target (kb): 0
[6884:7140:0515/102648.593:WARNING:page_discarding_helper.cc(138)] Discarding multiple pages with target (kb): 0
[6884:7140:0515/102653.652:WARNING:page_discarding_helper.cc(138)] Discarding multiple pages with target (kb): 0
[6884:7140:0515/102658.699:WARNING:page_discarding_helper.cc(138)] Discarding multiple pages with target (kb): 0
[6884:7140:0515/102703.699:WARNING:page_discarding_helper.cc(138)] Discarding multiple pages with target (kb): 0
[6884:7140:0515/102708.757:WARNING:page_discarding_helper.cc(138)] Discarding multiple pages with target (kb): 0
[6884:7140:0515/102713.805:WARNING:page_discarding_helper.cc(138)] Discarding multiple pages with target (kb): 0
[6884:7140:0515/102718.814:WARNING:page_discarding_helper.cc(138)] Discarding multiple pages with target (kb): 0
[6884:7140:0515/102723.847:WARNING:page_discarding_helper.cc(138)] Discarding multiple pages with target (kb): 0
[6884:7140:0515/102728.899:WARNING:page_discarding_helper.cc(138)] Discarding multiple pages with target (kb): 0
[6884:7140:0515/102733.949:WARNING:page_discarding_helper.cc(138)] Discarding multiple pages with target (kb): 0
[6884:7140:0515/102739.006:WARNING:page_discarding_helper.cc(138)] Discarding multiple pages with target (kb): 0
[6884:7140:0515/102744.020:WARNING:page_discarding_helper.cc(138)] Discarding multiple pages with target (kb): 0
[6884:7140:0515/102749.069:WARNING:page_discarding_helper.cc(138)] Discarding multiple pages with target (kb): 0
[6884:7140:0515/102754.137:WARNING:page_discarding_helper.cc(138)] Discarding multiple pages with target (kb): 0
[6884:7140:0515/102839.373:WARNING:page_discarding_helper.cc(138)] Discarding multiple pages with target (kb): 0
[6884:7140:0515/102854.453:WARNING:page_discarding_helper.cc(138)] Discarding multiple pages with target (kb): 0
[6884:7140:0515/102859.543:WARNING:page_discarding_helper.cc(138)] Discarding multiple pages with target (kb): 0
[6884:7140:0515/102904.595:WARNING:page_discarding_helper.cc(138)] Discarding multiple pages with target (kb): 0
[6884:7140:0515/102909.595:WARNING:page_discarding_helper.cc(138)] Discarding multiple pages with target (kb): 0
[6884:7140:0515/102914.650:WARNING:page_discarding_helper.cc(138)] Discarding multiple pages with target (kb): 0
[6884:7140:0515/102919.721:WARNING:page_discarding_helper.cc(138)] Discarding multiple pages with target (kb): 0
[6884:7140:0515/102924.778:WARNING:page_discarding_helper.cc(138)] Discarding multiple pages with target (kb): 0
[6884:7140:0515/102929.844:WARNING:page_discarding_helper.cc(138)] Discarding multiple pages with target (kb): 0
[6884:7140:0515/102934.906:WARNING:page_discarding_helper.cc(138)] Discarding multiple pages with target (kb): 0
[6884:7140:0515/102940.001:WARNING:page_discarding_helper.cc(138)] Discarding multiple pages with target (kb): 0
[6884:7140:0515/102945.077:WARNING:page_discarding_helper.cc(138)] Discarding multiple pages with target (kb): 0
[6884:7140:0515/102950.161:WARNING:page_discarding_helper.cc(138)] Discarding multiple pages with target (kb): 0
[6884:7140:0515/102955.161:WARNING:page_discarding_helper.cc(138)] Discarding multiple pages with target (kb): 0
[6884:7140:0515/103000.162:WARNING:page_discarding_helper.cc(138)] Discarding multiple pages with target (kb): 0
[6884:7140:0515/103005.241:WARNING:page_discarding_helper.cc(138)] Discarding multiple pages with target (kb): 0
[6884:7140:0515/103020.347:WARNING:page_discarding_helper.cc(138)] Discarding multiple pages with target (kb): 0
[6884:7140:0515/103025.429:WARNING:page_discarding_helper.cc(138)] Discarding multiple pages with target (kb): 0
[6884:7140:0515/103030.437:WARNING:page_discarding_helper.cc(138)] Discarding multiple pages with target (kb): 0
[6884:7140:0515/103035.461:WARNING:page_discarding_helper.cc(138)] Discarding multiple pages with target (kb): 0
[6884:7140:0515/103040.462:WARNING:page_discarding_helper.cc(138)] Discarding multiple pages with target (kb): 0
[6884:7140:0515/103045.556:WARNING:page_discarding_helper.cc(138)] Discarding multiple pages with target (kb): 0
[6884:7140:0515/103050.589:WARNING:page_discarding_helper.cc(138)] Discarding multiple pages with target (kb): 0
[6884:7140:0515/103056.529:WARNING:page_discarding_helper.cc(138)] Discarding multiple pages with target (kb): 0
[6884:7140:0515/103121.740:ERROR:network_service_instance_impl.cc(608)] Network service crashed, restarting service.
[6884:7140:0515/103121.975:WARNING:sad_tab.cc(255)] Tab Killed: https://editor.unrealengine.com/
[6884:7140:0515/103122.199:ERROR:gpu_process_host.cc(1007)] GPU process exited unexpectedly: exit_code=1073807364
[6884:7140:0515/103122.199:WARNING:gpu_process_host.cc(1441)] The GPU process has crashed 1 time(s)
