[13868:12320:0517/163729.310:WARNING:chrome_main_delegate.cc(745)] This is Chrome version 128.0.6613.138 (not a warning)
[13868:12320:0517/163729.330:ERROR:persistent_memory_allocator.cc(908)] Corruption detected in shared-memory segment.
[13868:11256:0517/163729.409:ERROR:google_update_settings.cc(265)] Failed opening key Software\Chromium to set usagestats; result: 5
[13868:12320:0517/163729.472:WARNING:account_consistency_mode_manager.cc(77)] Desktop Identity Consistency cannot be enabled as no OAuth client ID and client secret have been configured.
[3216:12104:0517/163744.728:WARNING:frame_impl.cc(430)] virtual CefFrameImpl::SendProcessMessage sent to detached frame 5-EFADDF86C2286B230309F83E54599089 will be ignored
[13868:12024:0517/163746.316:WARNING:browser_info.cc(345)] Returning a speculative frame for [8,9]
[13868:12320:0517/163746.615:WARNING:browser_info.cc(345)] Returning a speculative frame for [10,9]
[13868:12320:0517/163746.615:WARNING:browser_info.cc(345)] Returning a speculative frame for [10,9]
[13868:12320:0517/163746.615:WARNING:browser_info.cc(345)] Returning a speculative frame for [10,9]
[13868:12320:0517/163746.615:WARNING:browser_info.cc(345)] Returning a speculative frame for [10,9]
[13868:12024:0517/163746.626:WARNING:browser_info.cc(345)] Returning a speculative frame for [10,9]
[13308:1544:0517/163752.246:WARNING:codec.cc(525)] Explicitly added H264 constrained baseline to list of supported formats.
[13308:1544:0517/163752.867:WARNING:codec.cc(525)] Explicitly added H264 constrained baseline to list of supported formats.
[13308:9228:0517/163752.937:WARNING:codec.cc(525)] Explicitly added H264 constrained baseline to list of supported formats.
[13308:9228:0517/163752.938:WARNING:codec.cc(525)] Explicitly added H264 constrained baseline to list of supported formats.
[13308:9228:0517/163752.942:WARNING:codec.cc(525)] Explicitly added H264 constrained baseline to list of supported formats.
[752:7584:0517/163753.156:WARNING:host_resolver_dns_task.cc(863)] Address list empty after RFC3484 sort
[752:7584:0517/163753.164:ERROR:socket_manager.cc(147)] Failed to resolve address for stun.cloudflare.com., errorcode: -105
[752:7584:0517/163753.164:ERROR:socket_manager.cc(147)] Failed to resolve address for stun.cloudflare.com., errorcode: -105
[752:7584:0517/163753.165:ERROR:socket_manager.cc(147)] Failed to resolve address for stun.cloudflare.com., errorcode: -105
[13308:9228:0517/163753.165:WARNING:stun_port.cc(442)] Port[3eb0400:0:1:0:host:Net[any:0:0:0:x:x:x:x:x/0:Wildcard:id=0]]: StunPort: stun host lookup received error -1
[13308:9228:0517/163753.166:WARNING:stun_port.cc(442)] Port[3eb0c00:1:1:0:host:Net[any:0:0:0:x:x:x:x:x/0:Wildcard:id=0]]: StunPort: stun host lookup received error -1
[13308:9228:0517/163753.166:WARNING:stun_port.cc(442)] Port[3eb1400:2:1:0:host:Net[any:0:0:0:x:x:x:x:x/0:Wildcard:id=0]]: StunPort: stun host lookup received error -1
[1464:6680:0517/164003.433:WARNING:frame_impl.cc(430)] virtual CefFrameImpl::SendProcessMessage sent to detached frame 6-4729D6ABB0251B26BEAE82244F83A7F9 will be ignored
[5500:12496:0517/164004.050:ERROR:shared_image_manager.cc(224)] SharedImageManager::ProduceSkia: Trying to Produce a Skia representation from a non-existent mailbox.
[5500:12496:0517/164004.051:ERROR:shared_image_manager.cc(224)] SharedImageManager::ProduceSkia: Trying to Produce a Skia representation from a non-existent mailbox.
[13868:12320:0517/164132.562:ERROR:device_event_log_impl.cc(196)] [16:41:32.475] USB: usb_service_win.cc:105 SetupDiGetDeviceProperty({{A45C254E-DF1C-4EFD-8020-67D146A850E0}, 6}) failed: Elemento não encontrado. (0x490)
[13868:12320:0517/170326.512:WARNING:sad_tab.cc(255)] Tab Killed: https://editor.unrealengine.com/
[13868:12320:0517/170326.932:ERROR:gpu_process_host.cc(1007)] GPU process exited unexpectedly: exit_code=1
[13868:12320:0517/170326.932:WARNING:gpu_process_host.cc(1441)] The GPU process has crashed 1 time(s)
[13868:12320:0517/170326.935:ERROR:network_service_instance_impl.cc(608)] Network service crashed, restarting service.
[13868:12320:0517/170327.257:WARNING:gpu_process_host.cc(1029)] Reinitialized the GPU process after a crash. The reported initialization time was 162 ms
[13868:12320:0517/171306.150:WARNING:pref_notifier_impl.cc(41)] Pref observer for media_router.cast_allow_all_ips found at shutdown.
